// Jest Snapshot v1, https://goo.gl/fbAQLP

exports[`Layout matches snapshot 1`] = `
<div>
  <div>
    <nav
      class="navbar navbar-light bg-light"
    >
      <routerlink-stub
        class="navbar-brand"
        to="/"
      >
        Present Ideas
      </routerlink-stub>
       
      <!---->
    </nav>
     
    <div
      class="mt-3"
    />
  </div>
</div>
`;
